[debug] > Exec(early(addDefaultCommands), None, None)
[debug] > Exec(addDefaultCommands, None, None)
[debug] > Exec(early(initialize), None, None)
[debug] > Exec(initialize, None, None)
[debug] > Exec(early(addPluginSbtFile="""C:\Users\diego\AppData\Local\Temp\idea.sbt"""), None, None)
[debug] > Exec(addPluginSbtFile="""C:\Users\diego\AppData\Local\Temp\idea.sbt""", None, None)
[debug] > Exec(boot, None, None)
[debug] > Exec(writeSbtVersion, None, None)
[debug] > Exec(reload, None, None)
[debug] > Exec(sbtStashOnFailure, None, None)
[debug] > Exec(onFailure loadFailed, None, None)
[debug] > Exec(loadp, None, None)
[info] welcome to sbt 1.9.8 (Oracle Corporation Java 20.0.2)
[debug]       Load.loadUnit: plugins took 89.3206ms
[debug]       Load.loadUnit: defsScala took 0.4535ms
[debug] [Loading] Scanning directory C:\Users\diego\.sbt\1.0\plugins
[debug] [Loading] Found non-root projects 
[debug] [Loading] Done in C:\Users\diego\.sbt\1.0\plugins, returning: ()
[debug] deducing auto plugins based on known facts Set(Atom(sbt.plugins.CorePlugin)) and clauses Clauses(Clause(Atom(sbt.plugins.JvmPlugin),Set(Atom(sbt.plugins.IvyPlugin)))
[debug] Clause(Atom(sbt.ScriptedPlugin),Set(Atom(sbt.plugins.JvmPlugin)))
[debug] Clause(Atom(sbt.plugins.SbtPlugin),Set(Atom(sbt.ScriptedPlugin)))
[debug] Clause(Atom(sbt.plugins.SemanticdbPlugin),Set(Atom(sbt.plugins.JvmPlugin)))
[debug] Clause(Atom(sbt.plugins.JUnitXmlReportPlugin),Set(Atom(sbt.plugins.JvmPlugin)))
[debug] Clause(Atom(sbt.plugins.MiniDependencyTreePlugin),Set(Atom(sbt.plugins.JvmPlugin)))
[debug] Clause(Atom(sbt.plugins.CorePlugin),Set(Atom(sbt.plugins.IvyPlugin)))
[debug] Clause(Atom(sbt.plugins.IvyPlugin),Set(Atom(sbt.plugins.JvmPlugin)))
[debug] Clause(Atom(sbt.plugins.JvmPlugin),Set(Atom(sbt.plugins.SemanticdbPlugin)))
[debug] Clause(Atom(sbt.plugins.JvmPlugin),Set(Atom(sbt.plugins.JUnitXmlReportPlugin)))
[debug] Clause(Atom(sbt.plugins.CorePlugin),Set(Atom(sbt.plugins.Giter8TemplatePlugin)))
[debug] Clause(Atom(sbt.plugins.JvmPlugin),Set(Atom(sbt.plugins.MiniDependencyTreePlugin))))
[debug]   :: deduced result: Matched(sbt.plugins.CorePlugin,sbt.plugins.Giter8TemplatePlugin,sbt.plugins.IvyPlugin,sbt.plugins.JvmPlugin,sbt.plugins.MiniDependencyTreePlugin,sbt.plugins.JUnitXmlReportPlugin,sbt.plugins.SemanticdbPlugin)
[debug] Plugins.deducer#function took 12.8436 ms
[debug]           Load.resolveProject(global-plugins) took 31.4081ms
[debug]         Load.loadTransitive: finalizeProject(Project(id global-plugins, base: C:\Users\diego\.sbt\1.0\plugins, plugins: List(<none>))) took 59.7841ms
[debug] [Loading] Done in C:\Users\diego\.sbt\1.0\plugins, returning: (global-plugins)
[debug]       Load.loadUnit: loadedProjectsRaw took 82.6377ms
[debug]       Load.loadUnit: cleanEvalClasses took 0.1373ms
[debug]     Load.loadUnit(file:/C:/Users/diego/.sbt/1.0/plugins/, ...) took 182.3965ms
[debug]   Load.apply: load took 324.3502ms
[debug]   Load.apply: resolveProjects took 3.5433ms
[debug]   Load.apply: finalTransforms took 38.2071ms
[debug]   Load.apply: config.delegates took 5.2413ms
[debug]   Load.apply: Def.make(settings)... took 298.0535ms
[debug]   Load.apply: structureIndex took 84.3814ms
[debug]   Load.apply: mkStreams took 2.4483ms
[info] loading global plugins from C:\Users\diego\.sbt\1.0\plugins
[debug] Running task... Cancel: Signal, check cycles: false, forcegc: true
[debug] Load.defaultLoad until apply took 4071.4263ms
[debug]           Load.loadUnit: plugins took 12.2378ms
[debug]           Load.loadUnit: defsScala took 0.0026ms
[debug] [Loading] Scanning directory C:\Users\diego\IdeaProjects\TFGDiegoCarrera\project
[debug]             Load.loadUnit: mkEval took 3.2731ms
[debug] [Loading] Found non-root projects 
[debug] [Loading] Done in C:\Users\diego\IdeaProjects\TFGDiegoCarrera\project, returning: ()
[debug] deducing auto plugins based on known facts Set(Atom(sbt.plugins.CorePlugin)) and clauses Clauses(Clause(Atom(sbt.plugins.JvmPlugin),Set(Atom(sbt.plugins.IvyPlugin)))
[debug] Clause(Atom(sbt.ScriptedPlugin),Set(Atom(sbt.plugins.JvmPlugin)))
[debug] Clause(Atom(sbt.plugins.SbtPlugin),Set(Atom(sbt.ScriptedPlugin)))
[debug] Clause(Atom(sbt.plugins.SemanticdbPlugin),Set(Atom(sbt.plugins.JvmPlugin)))
[debug] Clause(Atom(sbt.plugins.JUnitXmlReportPlugin),Set(Atom(sbt.plugins.JvmPlugin)))
[debug] Clause(Atom(sbt.plugins.MiniDependencyTreePlugin),Set(Atom(sbt.plugins.JvmPlugin)))
[debug] Clause(Atom(sbt.plugins.CorePlugin),Set(Atom(sbt.plugins.IvyPlugin)))
[debug] Clause(Atom(sbt.plugins.IvyPlugin),Set(Atom(sbt.plugins.JvmPlugin)))
[debug] Clause(Atom(sbt.plugins.JvmPlugin),Set(Atom(sbt.plugins.SemanticdbPlugin)))
[debug] Clause(Atom(sbt.plugins.JvmPlugin),Set(Atom(sbt.plugins.JUnitXmlReportPlugin)))
[debug] Clause(Atom(sbt.plugins.CorePlugin),Set(Atom(sbt.plugins.Giter8TemplatePlugin)))
[debug] Clause(Atom(sbt.plugins.JvmPlugin),Set(Atom(sbt.plugins.MiniDependencyTreePlugin))))
[debug]   :: deduced result: Matched(sbt.plugins.CorePlugin,sbt.plugins.Giter8TemplatePlugin,sbt.plugins.IvyPlugin,sbt.plugins.JvmPlugin,sbt.plugins.MiniDependencyTreePlugin,sbt.plugins.JUnitXmlReportPlugin,sbt.plugins.SemanticdbPlugin)
[debug] Plugins.deducer#function took 6.0192 ms
[info] loading settings for project tfgdiegocarrera-build from idea.sbt ...
[debug]               Load.resolveProject(tfgdiegocarrera-build) took 4.1619ms
[debug]             Load.loadTransitive: finalizeProject(Project(id tfgdiegocarrera-build, base: C:\Users\diego\IdeaProjects\TFGDiegoCarrera\project, plugins: List(<none>))) took 10.6618ms
[debug] [Loading] Done in C:\Users\diego\IdeaProjects\TFGDiegoCarrera\project, returning: (tfgdiegocarrera-build)
[debug]           Load.loadUnit: loadedProjectsRaw took 1608.2562ms
[debug]           Load.loadUnit: cleanEvalClasses took 7.7617ms
[debug]         Load.loadUnit(file:/C:/Users/diego/IdeaProjects/TFGDiegoCarrera/project/, ...) took 1628.9275ms
[debug]       Load.apply: load took 1630.516ms
[debug]       Load.apply: resolveProjects took 0.1124ms
[debug]       Load.apply: finalTransforms took 13.4836ms
[debug]       Load.apply: config.delegates took 0.5174ms
[debug]       Load.apply: Def.make(settings)... took 287.522ms
[debug]       Load.apply: structureIndex took 86.1319ms
[debug]       Load.apply: mkStreams took 0.004ms
[info] loading project definition from C:\Users\diego\IdeaProjects\TFGDiegoCarrera\project
[debug] Running task... Cancel: Signal, check cycles: false, forcegc: true
[warn] Unrecognized repository Scala Plugin Bundled Repository, ignoring it
[warn] Unrecognized repository Scala Plugin Bundled Repository, ignoring it
[debug]     Load.loadUnit: plugins took 3943.8498ms
[debug]     Load.loadUnit: defsScala took 0.0023ms
[debug] [Loading] Scanning directory C:\Users\diego\IdeaProjects\TFGDiegoCarrera
[debug]       Load.loadUnit: mkEval took 0.1358ms
[debug] [Loading] Found root project root w/ remaining 
[debug] deducing auto plugins based on known facts Set(Atom(sbt.plugins.CorePlugin)) and clauses Clauses(Clause(Atom(sbt.plugins.JvmPlugin),Set(Atom(sbt.plugins.IvyPlugin)))
[debug] Clause(Atom(sbt.ScriptedPlugin),Set(Atom(sbt.plugins.JvmPlugin)))
[debug] Clause(Atom(sbt.plugins.SbtPlugin),Set(Atom(sbt.ScriptedPlugin)))
[debug] Clause(Atom(sbt.plugins.SemanticdbPlugin),Set(Atom(sbt.plugins.JvmPlugin)))
[debug] Clause(Atom(sbt.plugins.JUnitXmlReportPlugin),Set(Atom(sbt.plugins.JvmPlugin)))
[debug] Clause(Atom(sbt.plugins.MiniDependencyTreePlugin),Set(Atom(sbt.plugins.JvmPlugin)))
[debug] Clause(Atom(org.jetbrains.sbt.StructurePlugin),Set(Atom(sbt.plugins.JvmPlugin)))
[debug] Clause(Atom(org.jetbrains.sbt.IdeaShellPlugin),Set(Atom(sbt.plugins.JvmPlugin)))
[debug] Clause(Atom(org.jetbrains.sbt.indices.SbtIntellijIndicesPlugin),Set(Atom(sbt.plugins.JvmPlugin)))
[debug] Clause(Atom(sbt.plugins.CorePlugin),Set(Atom(sbt.plugins.IvyPlugin)))
[debug] Clause(Atom(sbt.plugins.IvyPlugin),Set(Atom(sbt.plugins.JvmPlugin)))
[debug] Clause(Atom(sbt.plugins.JvmPlugin),Set(Atom(sbt.plugins.SemanticdbPlugin)))
[debug] Clause(Atom(sbt.plugins.JvmPlugin),Set(Atom(sbt.plugins.JUnitXmlReportPlugin)))
[debug] Clause(Atom(sbt.plugins.CorePlugin),Set(Atom(sbt.plugins.Giter8TemplatePlugin)))
[debug] Clause(Atom(sbt.plugins.JvmPlugin),Set(Atom(sbt.plugins.MiniDependencyTreePlugin)))
[debug] Clause(Atom(sbt.plugins.JvmPlugin),Set(Atom(org.jetbrains.sbt.StructurePlugin)))
[debug] Clause(Atom(sbt.plugins.JvmPlugin),Set(Atom(org.jetbrains.sbt.IdeaShellPlugin)))
[debug] Clause(And(Set(Atom(sbt.plugins.CorePlugin), Atom(sbt.plugins.JvmPlugin))),Set(Atom(org.jetbrains.sbt.indices.SbtIntellijIndicesPlugin))))
[debug]   :: deduced result: Matched(sbt.plugins.CorePlugin,sbt.plugins.Giter8TemplatePlugin,sbt.plugins.IvyPlugin,sbt.plugins.JvmPlugin,sbt.plugins.SemanticdbPlugin,org.jetbrains.sbt.indices.SbtIntellijIndicesPlugin,sbt.plugins.JUnitXmlReportPlugin,org.jetbrains.sbt.IdeaShellPlugin,org.jetbrains.sbt.StructurePlugin,sbt.plugins.MiniDependencyTreePlugin)
[debug] Plugins.deducer#function took 1.1516 ms
[info] loading settings for project root from build.sbt ...
[debug]         Load.resolveProject(root) took 21.1913ms
[debug]       Load.loadTransitive: finalizeProject(Project(id root, base: C:\Users\diego\IdeaProjects\TFGDiegoCarrera, plugins: List(<none>))) took 23.2215ms
[debug] [Loading] Done in C:\Users\diego\IdeaProjects\TFGDiegoCarrera, returning: (root)
[debug]     Load.loadUnit: loadedProjectsRaw took 628.8977ms
[debug]     Load.loadUnit: cleanEvalClasses took 9.3277ms
[debug]   Load.loadUnit(file:/C:/Users/diego/IdeaProjects/TFGDiegoCarrera/, ...) took 4582.4494ms
[debug] Load.apply: load took 4583.5461ms
[debug] Load.apply: resolveProjects took 0.07ms
[debug] Load.apply: finalTransforms took 15.1088ms
[debug] Load.apply: config.delegates took 0.1928ms
[debug] Load.apply: Def.make(settings)... took 37.1872ms
[debug] Load.apply: structureIndex took 9.7901ms
[debug] Load.apply: mkStreams took 0.0019ms
[info] set current project to TFGDiegoCarrera (in build file:/C:/Users/diego/IdeaProjects/TFGDiegoCarrera/)
[debug] > Exec(sbtPopOnFailure, None, None)
[debug] > Exec(resumeFromFailure, None, None)
[debug] > Exec(notifyUsersAboutShell, None, None)
[debug] > Exec(iflast shell, None, None)
[debug] > Exec(; set ideaPort in Global := 50214 ; idea-shell, None, None)
[debug] > Exec(set ideaPort in Global := 50214, None, None)
[info] Defining Global / ideaPort
[info] The new value will be used by Compile / compile, Test / compile
[debug] Defining 
[debug] 	Global / ideaPort
[debug] 
[debug] The new value will be used by 
[debug] 	Compile / compile
[debug] 	Test / compile
[info] Reapplying settings...
[info] set current project to TFGDiegoCarrera (in build file:/C:/Users/diego/IdeaProjects/TFGDiegoCarrera/)
[debug] > Exec(idea-shell, None, None)
