[debug] > Exec(early(addDefaultCommands), None, None)
[debug] > Exec(addDefaultCommands, None, None)
[debug] > Exec(early(initialize), None, None)
[debug] > Exec(initialize, None, None)
[debug] > Exec(early(addPluginSbtFile="""C:\Users\diego\AppData\Local\Temp\idea.sbt"""), None, None)
[debug] > Exec(addPluginSbtFile="""C:\Users\diego\AppData\Local\Temp\idea.sbt""", None, None)
[debug] > Exec(boot, None, None)
[debug] > Exec(writeSbtVersion, None, None)
[debug] > Exec(reload, None, None)
[debug] > Exec(sbtStashOnFailure, None, None)
[debug] > Exec(onFailure loadFailed, None, None)
[debug] > Exec(loadp, None, None)
[info] welcome to sbt 1.9.8 (Oracle Corporation Java 20.0.2)
[debug]       Load.loadUnit: plugins took 88.6159ms
[debug]       Load.loadUnit: defsScala took 0.4059ms
[debug] [Loading] Scanning directory C:\Users\diego\.sbt\1.0\plugins
[debug] [Loading] Found non-root projects 
[debug] [Loading] Done in C:\Users\diego\.sbt\1.0\plugins, returning: ()
[debug] deducing auto plugins based on known facts Set(Atom(sbt.plugins.CorePlugin)) and clauses Clauses(Clause(Atom(sbt.plugins.JvmPlugin),Set(Atom(sbt.plugins.IvyPlugin)))
[debug] Clause(Atom(sbt.ScriptedPlugin),Set(Atom(sbt.plugins.JvmPlugin)))
[debug] Clause(Atom(sbt.plugins.SbtPlugin),Set(Atom(sbt.ScriptedPlugin)))
[debug] Clause(Atom(sbt.plugins.SemanticdbPlugin),Set(Atom(sbt.plugins.JvmPlugin)))
[debug] Clause(Atom(sbt.plugins.JUnitXmlReportPlugin),Set(Atom(sbt.plugins.JvmPlugin)))
[debug] Clause(Atom(sbt.plugins.MiniDependencyTreePlugin),Set(Atom(sbt.plugins.JvmPlugin)))
[debug] Clause(Atom(sbt.plugins.CorePlugin),Set(Atom(sbt.plugins.IvyPlugin)))
[debug] Clause(Atom(sbt.plugins.IvyPlugin),Set(Atom(sbt.plugins.JvmPlugin)))
[debug] Clause(Atom(sbt.plugins.JvmPlugin),Set(Atom(sbt.plugins.SemanticdbPlugin)))
[debug] Clause(Atom(sbt.plugins.JvmPlugin),Set(Atom(sbt.plugins.JUnitXmlReportPlugin)))
[debug] Clause(Atom(sbt.plugins.CorePlugin),Set(Atom(sbt.plugins.Giter8TemplatePlugin)))
[debug] Clause(Atom(sbt.plugins.JvmPlugin),Set(Atom(sbt.plugins.MiniDependencyTreePlugin))))
[debug]   :: deduced result: Matched(sbt.plugins.CorePlugin,sbt.plugins.Giter8TemplatePlugin,sbt.plugins.IvyPlugin,sbt.plugins.JvmPlugin,sbt.plugins.MiniDependencyTreePlugin,sbt.plugins.JUnitXmlReportPlugin,sbt.plugins.SemanticdbPlugin)
[debug] Plugins.deducer#function took 10.8986 ms
[debug]           Load.resolveProject(global-plugins) took 29.7844ms
[debug]         Load.loadTransitive: finalizeProject(Project(id global-plugins, base: C:\Users\diego\.sbt\1.0\plugins, plugins: List(<none>))) took 59.9871ms
[debug] [Loading] Done in C:\Users\diego\.sbt\1.0\plugins, returning: (global-plugins)
[debug]       Load.loadUnit: loadedProjectsRaw took 87.7864ms
[debug]       Load.loadUnit: cleanEvalClasses took 0.1224ms
[debug]     Load.loadUnit(file:/C:/Users/diego/.sbt/1.0/plugins/, ...) took 184.6765ms
[debug]   Load.apply: load took 322.8618ms
[debug]   Load.apply: resolveProjects took 4.2888ms
[debug]   Load.apply: finalTransforms took 40.4168ms
[debug]   Load.apply: config.delegates took 5.2003ms
[debug]   Load.apply: Def.make(settings)... took 282.5799ms
[debug]   Load.apply: structureIndex took 90.3678ms
[debug]   Load.apply: mkStreams took 2.362ms
[info] loading global plugins from C:\Users\diego\.sbt\1.0\plugins
[debug] Running task... Cancel: Signal, check cycles: false, forcegc: true
[debug] Load.defaultLoad until apply took 1602.043ms
[debug]           Load.loadUnit: plugins took 13.3352ms
[debug]           Load.loadUnit: defsScala took 0.0032ms
[debug] [Loading] Scanning directory C:\Users\diego\IdeaProjects\TFGDiegoCarrera\project
[debug]             Load.loadUnit: mkEval took 3.9507ms
[debug] [Loading] Found non-root projects 
[debug] [Loading] Done in C:\Users\diego\IdeaProjects\TFGDiegoCarrera\project, returning: ()
[debug] deducing auto plugins based on known facts Set(Atom(sbt.plugins.CorePlugin)) and clauses Clauses(Clause(Atom(sbt.plugins.JvmPlugin),Set(Atom(sbt.plugins.IvyPlugin)))
[debug] Clause(Atom(sbt.ScriptedPlugin),Set(Atom(sbt.plugins.JvmPlugin)))
[debug] Clause(Atom(sbt.plugins.SbtPlugin),Set(Atom(sbt.ScriptedPlugin)))
[debug] Clause(Atom(sbt.plugins.SemanticdbPlugin),Set(Atom(sbt.plugins.JvmPlugin)))
[debug] Clause(Atom(sbt.plugins.JUnitXmlReportPlugin),Set(Atom(sbt.plugins.JvmPlugin)))
[debug] Clause(Atom(sbt.plugins.MiniDependencyTreePlugin),Set(Atom(sbt.plugins.JvmPlugin)))
[debug] Clause(Atom(sbt.plugins.CorePlugin),Set(Atom(sbt.plugins.IvyPlugin)))
[debug] Clause(Atom(sbt.plugins.IvyPlugin),Set(Atom(sbt.plugins.JvmPlugin)))
[debug] Clause(Atom(sbt.plugins.JvmPlugin),Set(Atom(sbt.plugins.SemanticdbPlugin)))
[debug] Clause(Atom(sbt.plugins.JvmPlugin),Set(Atom(sbt.plugins.JUnitXmlReportPlugin)))
[debug] Clause(Atom(sbt.plugins.CorePlugin),Set(Atom(sbt.plugins.Giter8TemplatePlugin)))
[debug] Clause(Atom(sbt.plugins.JvmPlugin),Set(Atom(sbt.plugins.MiniDependencyTreePlugin))))
[debug]   :: deduced result: Matched(sbt.plugins.CorePlugin,sbt.plugins.Giter8TemplatePlugin,sbt.plugins.IvyPlugin,sbt.plugins.JvmPlugin,sbt.plugins.MiniDependencyTreePlugin,sbt.plugins.JUnitXmlReportPlugin,sbt.plugins.SemanticdbPlugin)
[debug] Plugins.deducer#function took 1.3476 ms
[info] loading settings for project tfgdiegocarrera-build from idea.sbt ...
[debug]               Load.resolveProject(tfgdiegocarrera-build) took 1.4604ms
[debug]             Load.loadTransitive: finalizeProject(Project(id tfgdiegocarrera-build, base: C:\Users\diego\IdeaProjects\TFGDiegoCarrera\project, plugins: List(<none>))) took 3.1995ms
[debug] [Loading] Done in C:\Users\diego\IdeaProjects\TFGDiegoCarrera\project, returning: (tfgdiegocarrera-build)
[debug]           Load.loadUnit: loadedProjectsRaw took 79.5586ms
[debug]           Load.loadUnit: cleanEvalClasses took 3.2517ms
[debug]         Load.loadUnit(file:/C:/Users/diego/IdeaProjects/TFGDiegoCarrera/project/, ...) took 96.6824ms
[debug]       Load.apply: load took 97.5518ms
[debug]       Load.apply: resolveProjects took 0.1079ms
[debug]       Load.apply: finalTransforms took 14.7906ms
[debug]       Load.apply: config.delegates took 0.3802ms
[debug]       Load.apply: Def.make(settings)... took 43.5512ms
[debug]       Load.apply: structureIndex took 22.4871ms
[debug]       Load.apply: mkStreams took 0.0022ms
[info] loading project definition from C:\Users\diego\IdeaProjects\TFGDiegoCarrera\project
[debug] Running task... Cancel: Signal, check cycles: false, forcegc: true
[warn] Unrecognized repository Scala Plugin Bundled Repository, ignoring it
[warn] Unrecognized repository Scala Plugin Bundled Repository, ignoring it
[debug]     Load.loadUnit: plugins took 807.3944ms
[debug]     Load.loadUnit: defsScala took 0.0025ms
[debug] [Loading] Scanning directory C:\Users\diego\IdeaProjects\TFGDiegoCarrera
[debug]       Load.loadUnit: mkEval took 0.1347ms
[debug] [Loading] Found root project root w/ remaining 
[debug] deducing auto plugins based on known facts Set(Atom(sbt.plugins.CorePlugin)) and clauses Clauses(Clause(Atom(sbt.plugins.JvmPlugin),Set(Atom(sbt.plugins.IvyPlugin)))
[debug] Clause(Atom(sbt.ScriptedPlugin),Set(Atom(sbt.plugins.JvmPlugin)))
[debug] Clause(Atom(sbt.plugins.SbtPlugin),Set(Atom(sbt.ScriptedPlugin)))
[debug] Clause(Atom(sbt.plugins.SemanticdbPlugin),Set(Atom(sbt.plugins.JvmPlugin)))
[debug] Clause(Atom(sbt.plugins.JUnitXmlReportPlugin),Set(Atom(sbt.plugins.JvmPlugin)))
[debug] Clause(Atom(sbt.plugins.MiniDependencyTreePlugin),Set(Atom(sbt.plugins.JvmPlugin)))
[debug] Clause(Atom(org.jetbrains.sbt.StructurePlugin),Set(Atom(sbt.plugins.JvmPlugin)))
[debug] Clause(Atom(org.jetbrains.sbt.IdeaShellPlugin),Set(Atom(sbt.plugins.JvmPlugin)))
[debug] Clause(Atom(org.jetbrains.sbt.indices.SbtIntellijIndicesPlugin),Set(Atom(sbt.plugins.JvmPlugin)))
[debug] Clause(Atom(sbt.plugins.CorePlugin),Set(Atom(sbt.plugins.IvyPlugin)))
[debug] Clause(Atom(sbt.plugins.IvyPlugin),Set(Atom(sbt.plugins.JvmPlugin)))
[debug] Clause(Atom(sbt.plugins.JvmPlugin),Set(Atom(sbt.plugins.SemanticdbPlugin)))
[debug] Clause(Atom(sbt.plugins.JvmPlugin),Set(Atom(sbt.plugins.JUnitXmlReportPlugin)))
[debug] Clause(Atom(sbt.plugins.CorePlugin),Set(Atom(sbt.plugins.Giter8TemplatePlugin)))
[debug] Clause(Atom(sbt.plugins.JvmPlugin),Set(Atom(sbt.plugins.MiniDependencyTreePlugin)))
[debug] Clause(Atom(sbt.plugins.JvmPlugin),Set(Atom(org.jetbrains.sbt.StructurePlugin)))
[debug] Clause(Atom(sbt.plugins.JvmPlugin),Set(Atom(org.jetbrains.sbt.IdeaShellPlugin)))
[debug] Clause(And(Set(Atom(sbt.plugins.CorePlugin), Atom(sbt.plugins.JvmPlugin))),Set(Atom(org.jetbrains.sbt.indices.SbtIntellijIndicesPlugin))))
[debug]   :: deduced result: Matched(sbt.plugins.CorePlugin,sbt.plugins.Giter8TemplatePlugin,sbt.plugins.IvyPlugin,sbt.plugins.JvmPlugin,sbt.plugins.SemanticdbPlugin,org.jetbrains.sbt.indices.SbtIntellijIndicesPlugin,sbt.plugins.JUnitXmlReportPlugin,org.jetbrains.sbt.IdeaShellPlugin,org.jetbrains.sbt.StructurePlugin,sbt.plugins.MiniDependencyTreePlugin)
[debug] Plugins.deducer#function took 1.3557 ms
[info] loading settings for project root from build.sbt ...
[debug]         Load.resolveProject(root) took 22.8373ms
[debug]       Load.loadTransitive: finalizeProject(Project(id root, base: C:\Users\diego\IdeaProjects\TFGDiegoCarrera, plugins: List(<none>))) took 25.5405ms
[debug] [Loading] Done in C:\Users\diego\IdeaProjects\TFGDiegoCarrera, returning: (root)
[debug]     Load.loadUnit: loadedProjectsRaw took 1637.32ms
[debug]     Load.loadUnit: cleanEvalClasses took 8.5727ms
[debug]   Load.loadUnit(file:/C:/Users/diego/IdeaProjects/TFGDiegoCarrera/, ...) took 2453.8702ms
[debug] Load.apply: load took 2455.1262ms
[debug] Load.apply: resolveProjects took 0.092ms
[debug] Load.apply: finalTransforms took 14.4733ms
[debug] Load.apply: config.delegates took 0.2626ms
[debug] Load.apply: Def.make(settings)... took 39.3931ms
[debug] Load.apply: structureIndex took 17.5876ms
[debug] Load.apply: mkStreams took 0.0025ms
[info] set current project to TFGDiegoCarrera (in build file:/C:/Users/diego/IdeaProjects/TFGDiegoCarrera/)
[debug] > Exec(sbtPopOnFailure, None, None)
[debug] > Exec(resumeFromFailure, None, None)
[debug] > Exec(notifyUsersAboutShell, None, None)
[debug] > Exec(iflast shell, None, None)
[debug] > Exec(; set ideaPort in Global := 52528 ; idea-shell, None, None)
[debug] > Exec(set ideaPort in Global := 52528, None, None)
[info] Defining Global / ideaPort
[info] The new value will be used by Compile / compile, Test / compile
[debug] Defining 
[debug] 	Global / ideaPort
[debug] 
[debug] The new value will be used by 
[debug] 	Compile / compile
[debug] 	Test / compile
[info] Reapplying settings...
[info] set current project to TFGDiegoCarrera (in build file:/C:/Users/diego/IdeaProjects/TFGDiegoCarrera/)
[debug] > Exec(idea-shell, None, None)
